Microsoft (R) Macro Assembler Version 5.00                  11/22/14 19:33:00
                                                             Page     1-1


				
TEST5.ASM(26): error A2004: Redefinition of symbol
Microsoft (R) Macro Assembler Version 5.00                  11/22/14 19:33:00
                                                             Page     1-1


 0000				SSEG SEGMENT 
 0000  0100[			        DB 100H DUP(0) 
	   00			
			 ]	
				
 0100				        SSEG ENDS 
 0000				DSEG SEGMENT 
				        ;POS DB COL,ROW,CHAR 
				 
 = 001E				        ITSLEFT=30 
 = 0005				        ITSBUTTOM=5 
 = 000A				        ITSHIGH=10 
 = 0014				        ITSLEN=20 
 = 002A				        ITSCHAR='*' 
 0000  00			        POS DB 0STACK  SEGMENT stack 
TEST5.ASM(12): error A2005: Symbol is multidefined: POS
 0001  0100[			        STL     DW 100H DUP(?) 
	   ????			
			 ]	
				
				STACK ENDS 
TEST5.ASM(14): error A2000: Block nesting error
 0100				SSEG SEGMENT 
 0100  0100[			        DB 100H DUP(0) 
	   00			
			 ]	
				
 0200				        SSEG ENDS 
 0201				DSEG SEGMENT 
TEST5.ASM(18): error A2000: Block nesting error
				        ;POS DB COL,ROW,CHAR 
				 
 = 001E				        ITSLEFT=30 
 = 0005				        ITSBUTTOM=5 
 = 000A				        ITSHIGH=10 
 = 0014				        ITSLEN=20 
 = 002A				        ITSCHAR='*' 
 0201  00			        POS DB 0 
TEST5.ASM(26): error A2005: Symbol is multidefined: POS
				REPT ITSHIGH 
				        DB ITSLEFT,ITSBUTTOM,ITSCHAR 
				        ITSLEFT=ITSLEFT+1 
				        ITSBUTTOM=ITSBUTTOM+1 
				        ENDM 
 0202  1E 05 2A              1	        DB ITSLEFT,ITSBUTTOM,ITSCHAR 
 0205  1F 06 2A              1	        DB ITSLEFT,ITSBUTTOM,ITSCHAR 
 0208  20 07 2A              1	        DB ITSLEFT,ITSBUTTOM,ITSCHAR 
 020B  21 08 2A              1	        DB ITSLEFT,ITSBUTTOM,ITSCHAR 
 020E  22 09 2A              1	        DB ITSLEFT,ITSBUTTOM,ITSCHAR 
 0211  23 0A 2A              1	        DB ITSLEFT,ITSBUTTOM,ITSCHAR 
 0214  24 0B 2A              1	        DB ITSLEFT,ITSBUTTOM,ITSCHAR 
 0217  25 0C 2A              1	        DB ITSLEFT,ITSBUTTOM,ITSCHAR 
 021A  26 0D 2A              1	        DB ITSLEFT,ITSBUTTOM,ITSCHAR 
 021D  27 0E 2A              1	        DB ITSLEFT,ITSBUTTOM,ITSCHAR 
Microsoft (R) Macro Assembler Version 5.00                  11/22/14 19:33:00
                                                             Page     1-2


 0220				        DSEG ENDS 
				 
 0000				CSEG SEGMENT 
				        ASSUME CS:CSEG,DS:DSEG,ES:DSEG,SS:SSEG 
 0000				START: 
 0000  B8 ---- R		        MOV AX,DSEG 
 0003  8E D8			        MOV DS,AX 
 0005  8E C0			        MOV ES,AX 
 0007  B8 ---- R		        MOV AX,SSEG 
 000A  8E D0			        MOV SS,AX 
 000C  BC 0100			        MOV SP,100H 
				 
 000F  8D 36 0000 R		        LEA SI,POS 
TEST5.ASM(44): error A2026: Reference to multidefined symbol
 0013  83 C6 01			        ADD SI,1 
 0016  B9 000A			        MOV CX,ITSHIGH 
 0019				C1: 
 0019  E8 0026 R		        CALL SHOWPOSCHAR 
 001C  83 C6 03			        ADD SI,3 
 001F  E2 F8			        LOOP C1 
				 
 0021  B8 4C00			        MOV AX,4C00H 
 0024  CD 21			        INT 21H 
 0026				        SHOWPOSCHAR PROC 
 0026  50			        PUSH AX 
 0027  53			        PUSH BX 
 0028  51			        PUSH CX 
 0029  52			        PUSH DX 
 002A  B4 02			        MOV AH,02H 
 002C  B7 00			        MOV BH,00H 
 002E  8B 14			        MOV DX,[SI] 
 0030  CD 10			        INT 10H 
 0032  B4 09			        MOV AH,9 
 0034  8A 44 02			        MOV AL,2[SI] 
 0037  BB 0007			        MOV BX,0007H 
 003A  B9 0014			        MOV CX,ITSLEN 
 003D  CD 10			        INT 10H 
 003F  5A			        POP DX 
 0040  59			        POP CX 
 0041  5B			        POP BX 
 0042  58			        POP AX 
 0043  C3			        RET 
				 
				         
				 
 0044				        SHOWPOSCHAR ENDP 
 0044				        CSEG ENDS 
				        END START 
Microsoft (R) Macro Assembler Version 5.00                  11/22/14 19:33:00
                                                             Symbols-1


Segments and Groups:

                N a m e         	Length	 Align	Combine Class

CSEG . . . . . . . . . . . . . .  	0044	PARA	NONE	
DSEG . . . . . . . . . . . . . .  	0220	PARA	NONE	
SSEG . . . . . . . . . . . . . .  	0200	PARA	NONE	

Symbols:            

                N a m e         	Type	 Value	 Attr

C1 . . . . . . . . . . . . . . .  	L NEAR	0019	CSEG

ITSBUTTOM  . . . . . . . . . . .  	NUMBER	000F	
ITSCHAR  . . . . . . . . . . . .  	NUMBER	002A	
ITSHIGH  . . . . . . . . . . . .  	NUMBER	000A	
ITSLEFT  . . . . . . . . . . . .  	NUMBER	0028	
ITSLEN . . . . . . . . . . . . .  	NUMBER	0014	

POS  . . . . . . . . . . . . . .  	L BYTE	0000	DSEG

SHOWPOSCHAR  . . . . . . . . . .  	N PROC	0026	CSEG	Length = 001E
START  . . . . . . . . . . . . .  	L NEAR	0000	CSEG
STL  . . . . . . . . . . . . . .  	L WORD	0001	DSEG	Length = 0100

@FILENAME  . . . . . . . . . . .  	TEXT  TEST5		


     78 Source  Lines
    108 Total   Lines
     15 Symbols

  49652 + 415788 Bytes symbol space free

      0 Warning Errors
      6 Severe  Errors
